// Jest Snapshot v1, https://goo.gl/fbAQLP

exports[`Pruebas de GifGridItem Snapshot 1`] = `
<div
  className="card animate__animated animate__fadeIn"
>
  <img
    alt="titulo"
    src="https://imagenes.com/mygif.gif"
  />
  <p>
    titulo
  </p>
</div>
`;
